//TO CLONE THE FILE FROM GITHUB TO VSCODE


vinothsanjay707@penguin:~/git$ git clone https://github.com/SanjayKumarR7/my1stwebsite.git
Cloning into 'my1stwebsite'...
remote: Enumerating objects: 3, done.
remote: Counting objects: 100% (3/3), done.
remote: Total 3 (delta 0), reused 0 (delta 0), pack-reused 0
Receiving objects: 100% (3/3), done.

//MOVE TO THE CORRECT DESTINATION 

vinothsanjay707@penguin:~/git$ cd my1stwebsite

//TO CHECK THE STATUS OF THE FILE 


vinothsanjay707@penguin:~/git/my1stwebsite$ git status
On branch main
Your branch is up to date with 'origin/main'.

Untracked files:
  (use "git add <file>..." to include in what will be committed)
        check2.html

nothing added to commit but untracked files present (use "git add" to track)


//IF FILE IS UNTRACKED THEN IT WILL BE ADDED BY THIS 

vinothsanjay707@penguin:~/git/my1stwebsite$ git add check2.html
vinothsanjay707@penguin:~/git/my1stwebsite$ git status
On branch main
Your branch is up to date with 'origin/main'.

Changes to be committed:
  (use "git restore --staged <file>..." to unstage)
        new file:   check2.html

// TO COMMIT THE FILE FOR ADDED TO THE LOCAL FOLDER

vinothsanjay707@penguin:~/git/my1stwebsite$git commit -m "check2.html is added"
[main 1a9597c] check2.html is added
 1 file changed, 0 insertions(+), 0 deletions(-)
 create mode 100644 check2.html

//TO ADDED TO FILE TO THE GITHUB IN ONLINE 

vinothsanjay707@penguin:~/git/my1stwebsite$ git push origin main
Enumerating objects: 4, done.
Counting objects: 100% (4/4), done.
Delta compression using up to 2 threads
Compressing objects: 100% (2/2), done.
Writing objects: 100% (3/3), 285 bytes | 285.00 KiB/s, done.
Total 3 (delta 0), reused 0 (delta 0), pack-reused 0
To https://github.com/SanjayKumarR7/my1stwebsite.git
   d9fe35e..1a9597c  main -> main


//IN SIMPLE WORDS FOR CONNECT THE FILE FROM ONLINE TO THE LOCAL DISK 

------INSERT -> ADD -> COMMIT -> PUSH 

//NOW DO THIS AGAIN FOR PRACTICE


vinothsanjay707@penguin:~/githubb prac/final.html$ git add final3.html
vinothsanjay707@penguin:~/githubb prac/final.html$ git commit -m "final3.html added"
[main f23919b] final3.html added
 1 file changed, 0 insertions(+), 0 deletions(-)
 create mode 100644 final3.html
vinothsanjay707@penguin:~/githubb prac/final.html$ git status
On branch main
Your branch is ahead of 'origin/main' by 1 commit.
  (use "git push" to publish your local commits)

nothing to commit, working tree clean
vinothsanjay707@penguin:~/githubb prac/final.html$ git push origin main
Enumerating objects: 3, done.
Counting objects: 100% (3/3), done.
Delta compression using up to 2 threads
Compressing objects: 100% (2/2), done.
Writing objects: 100% (2/2), 279 bytes | 279.00 KiB/s, done.
Total 2 (delta 0), reused 0 (delta 0), pack-reused 0
To https://github.com/SanjayKumarR7/final.html.git
   3664a68..f23919b  main -> main

   //IF ANY CHANGES IN LOCAL FILE THEN IT WILL BE MODIFIED AND CHANGED IN WEBSITE BY

vinothsanjay707@penguin:~/githubb prac/final.html$ git add final3.html
vinothsanjay707@penguin:~/githubb prac/final.html$ git commit -m "Modified final3.html"
On branch main
Your branch is up to date with 'origin/main'.

nothing to commit, working tree clean
vinothsanjay707@penguin:~/githubb prac/final.html$ git push origin main
Everything up-to-date

//TO DELETE A FILE IN A GIT BY USING ADD COMMAND FOR STAGING AREA TO DELETE 
//FIRST WE NEED TO DELETE THE FROM LOCAL  THEN ADD , COMMIT AND PUSH WILL DELETED THE FILE IN GIT 

vinothsanjay707@penguin:~/githubb prac/final.html$ git status
On branch main
Your branch is up to date with 'origin/main'.

Changes not staged for commit:
  (use "git add/rm <file>..." to update what will be committed)
  (use "git restore <file>..." to discard changes in working directory)
        deleted:    final3.html

no changes added to commit (use "git add" and/or "git commit -a")
vinothsanjay707@penguin:~/githubb prac/final.html$ git add final3.html
vinothsanjay707@penguin:~/githubb prac/final.html$ git commit -m "Deleted final3.html"
[main 9316f03] Deleted final3.html
 1 file changed, 0 insertions(+), 0 deletions(-)
 delete mode 100644 final3.html
vinothsanjay707@penguin:~/githubb prac/final.html$ git push origin main
Enumerating objects: 3, done.
Counting objects: 100% (3/3), done.
Delta compression using up to 2 threads
Compressing objects: 100% (2/2), done.
Writing objects: 100% (2/2), 236 bytes | 236.00 KiB/s, done.
Total 2 (delta 1), reused 0 (delta 0), pack-reused 0
remote: Resolving deltas: 100% (1/1), completed with 1 local object.
To https://github.com/SanjayKumarR7/final.html.git
   f23919b..9316f03  main -> main

   // SHOW AND GET THE FILE FROM GIT TO LOCAL BY GIT PULL 


vinothsanjay707@penguin:~/githubb prac/final.html$ git pull 

remote: Enumerating objects: 4, done.
remote: Counting objects: 100% (4/4), done.
remote: Compressing objects: 100% (2/2), done.
remote: Total 3 (delta 0), reused 0 (delta 0), pack-reused 0
Unpacking objects: 100% (3/3), 709 bytes | 39.00 KiB/s, done.
From https://github.com/SanjayKumarR7/final.html
   9316f03..760652e  main       -> origin/main
Updating 9316f03..760652e
Fast-forward
 dummy.txt | 1 +
 1 file changed, 1 insertion(+)
 create mode 100644 dummy.txt

 //IF ANY FILE IS MODIFIED IN GIT THEN IT WILL BE MODIFIED IN LOCAL BY USING GIT PULL 

vinothsanjay707@penguin:~/githubb prac/final.html$ git pull
remote: Enumerating objects: 5, done.
remote: Counting objects: 100% (5/5), done.
remote: Compressing objects: 100% (2/2), done.
remote: Total 3 (delta 1), reused 0 (delta 0), pack-reused 0
Unpacking objects: 100% (3/3), 650 bytes | 130.00 KiB/s, done.
From https://github.com/SanjayKumarR7/final.html
   760652e..d3a1091  main       -> origin/main
Updating 760652e..d3a1091
Fast-forward
 finalbro | 1 +
 1 file changed, 1 insertion(+)

//IN SIMPLE WORDS FOR ANY MODIFICATION 

ANY MODIFICATION -> ADD -> COMMIT -> PUSH 

vinothsanjay707@penguin:~/githubb prac/final.html$ 

//NOW COPY THE ENTIRE FILE FROM LOCAL TO GITHUB 
//LIKE MY FIRST RESTAURANT WEBSITE  

//FIRST ENTER INTO THE FILE BY USING CD .. AND SELECT FOLDER 
//AND CONVERT THE NORMAL FILE INTO GIT FILE BY USING < GIT INIT > 
vinothsanjay707@penguin:~/githubb prac$ cd 1st-Project
vinothsanjay707@penguin:~/githubb prac/1st-Project$ git init
Initialized empty Git repository in /home/vinothsanjay707/githubb prac/1st-Project/.git/
vinothsanjay707@penguin:~/githubb prac/1st-Project$ git status

//UPLOAD ALL UNTRACKED FILE INTO TRACKED BY USING < GIT ADD .  >


vinothsanjay707@penguin:~/githubb prac/1st-Project$ git add .
vinothsanjay707@penguin:~/githubb prac/1st-Project$ git status
On branch master

No commits yet

Changes to be committed:
  (use "git rm --cached <file>..." to unstage)
        new file:   Restaurant.html
        new file:   bg 2.jpg
        new file:   bg.jpg
        new file:   bgg.jpg
        new file:   full.jpg
        new file:   hello.jpg
        new file:   pexels-anete-lusina-5722997.jpg
        new file:   pexels-fwstudio-129731.jpg
        new file:   restaurant.css

// THEN COMMIT TO PUSH THE FILE FROM LOCAL TO GITHUB 

vinothsanjay707@penguin:~/githubb prac/1st-Project$ git commit -m "Created and upload the file"
[master (root-commit) 2161384] Created and upload the file
 9 files changed, 220 insertions(+)
 create mode 100644 Restaurant.html
 create mode 100644 bg 2.jpg
 create mode 100644 bg.jpg
 create mode 100644 bgg.jpg
 create mode 100644 full.jpg
 create mode 100644 hello.jpg
 create mode 100644 pexels-anete-lusina-5722997.jpg
 create mode 100644 pexels-fwstudio-129731.jpg
 create mode 100644 restaurant.css

 //THEN CREATED THE REPOSITARY FILE TO CREATE THE LINK FOR MAIN (SUCH AS LINK ) 
 //TO CONNECTED WITH THE ORIGIN 

vinothsanjay707@penguin:~/githubb prac/1st-Project$ git remote add origin https://github.com/SanjayKumarR7/My1st-Project.git

//NOW CHECK THE BRANCH (default name is master but we need to convert it into main by this )

vinothsanjay707@penguin:~/githubb prac/1st-Project$ git branch
*master 
vinothsanjay707@penguin:~/githubb prac/1st-Project$ git branch -m main
vinothsanjay707@penguin:~/githubb prac/1st-Project$ git branch
* main

//NOW UPLOAD THE FILE FROM LOCAL TO GITHUB 

vinothsanjay707@penguin:~/githubb prac/1st-Project$ git push origin main
Enumerating objects: 11, done.
Counting objects: 100% (11/11), done.
Delta compression using up to 2 threads
Compressing objects: 100% (11/11), done.
Writing objects: 100% (11/11), 18.80 MiB | 2.85 MiB/s, done.
Total 11 (delta 0), reused 0 (delta 0), pack-reused 0
To https://github.com/SanjayKumarR7/My1st-Project.git
 * [new branch]      main -> main

// ADD NEW FILE TO EXISTING GITHUB FOLDER 

vinothsanjay707@penguin:~/githubb prac/1st-Project$ git status
On branch main
Untracked files:
  (use "git add <file>..." to include in what will be committed)
        text1.txt

nothing added to commit but untracked files present (use "git add" to track)
vinothsanjay707@penguin:~/githubb prac/1st-Project$ git add .
vinothsanjay707@penguin:~/githubb prac/1st-Project$ git commit -m "text1.txt add"
[main a2a79ac] text1.txt add
 1 file changed, 0 insertions(+), 0 deletions(-)
 create mode 100644 text1.txt
vinothsanjay707@penguin:~/githubb prac/1st-Project$ git push origin main
Enumerating objects: 4, done.
Counting objects: 100% (4/4), done.
Delta compression using up to 2 threads
Compressing objects: 100% (2/2), done.
Writing objects: 100% (3/3), 283 bytes | 141.00 KiB/s, done.
Total 3 (delta 1), reused 0 (delta 0), pack-reused 0
remote: Resolving deltas: 100% (1/1), completed with 1 local object.
To https://github.com/SanjayKumarR7/My1st-Project.git
 2161384..a2a79ac  main -> main

 //BRANCHES 
// BY USING THIS COMMAND FOR CHECK THE BRANCH 
vinothsanjay707@penguin:~/githubb prac/1st-Project$ git branch -a
* main
  remotes/origin/main

//TO APPLY THE CHANGES FROM GITHUB TO LOCAL BY THIS 

vinothsanjay707@penguin:~/githubb prac/1st-Project$ git pull

From https://github.com/SanjayKumarR7/My1st-Project
 * [new branch]      gitbranch1 -> origin/gitbranch1
There is no tracking information for the current branch.
Please specify which branch you want to merge with.
See git-pull(1) for details.

    git pull <remote> <branch>

If you wish to set tracking information for this branch you can do so with:

    git branch --set-upstream-to=origin/<branch> main

vinothsanjay707@penguin:~/githubb prac/1st-Project$ git branch -a
* main
  remotes/origin/gitbranch1
  remotes/origin/main

  //BY USING THIS FOR SWITCH THE BRANCH 

vinothsanjay707@penguin:~/githubb prac/1st-Project$ git checkout gitbranch1
Branch 'gitbranch1' set up to track remote branch 'gitbranch1' from 'origin'.
Switched to a new branch 'gitbranch1' 
vinothsanjay707@penguin:~/githubb prac/1st-Project$ git branch -a
* gitbranch1
  main
  remotes/origin/gitbranch1
  remotes/origin/main

  //NOW ADD THE FILE FROM LOCAL TO GITHUB 

  vinothsanjay707@penguin:~/githubb prac/1st-Project$ git status
On branch gitbranch1
Your branch is up to date with 'origin/gitbranch1'.

Untracked files:
  (use "git add <file>..." to include in what will be committed)
        hello.txt

nothing added to commit but untracked files present (use "git add" to track)
vinothsanjay707@penguin:~/githubb prac/1st-Project$ git add .
vinothsanjay707@penguin:~/githubb prac/1st-Project$ git commit -m "created new file"
[gitbranch1 74ebf51] created new file
 1 file changed, 0 insertions(+), 0 deletions(-)
 create mode 100644 hello.txt
vinothsanjay707@penguin:~/githubb prac/1st-Project$ git push origin gitbranch1
Enumerating objects: 3, done.
Counting objects: 100% (3/3), done.
Delta compression using up to 2 threads
Compressing objects: 100% (2/2), done.
Writing objects: 100% (2/2), 270 bytes | 270.00 KiB/s, done.
Total 2 (delta 1), reused 0 (delta 0), pack-reused 0
remote: Resolving deltas: 100% (1/1), completed with 1 local object.
To https://github.com/SanjayKumarR7/My1st-Project.git
   a2a79ac..74ebf51  gitbranch1 -> gitbranch1

//SWITCHING THE BRANCH IS USED TO CLONE THE FILE FOR EDITING WITHOUT MODIFIED THE ORIGINAL MAIN 



//NOW CHECK THE DIFF FOR BOTH BRANCH BY USING DIFF 
vinothsanjay707@penguin:~/githubb prac/1st-Project$ git diff gitbranch1
diff --git a/hello.txt b/hello.txt
deleted file mode 100644
index e69de29..0000000
//NOW MERGE THE BOTH BRANCH BY USING MERGE 
vinothsanjay707@penguin:~/githubb prac/1st-Project$ git merge gitbranch1
Updating a2a79ac..74ebf51
Fast-forward
 hello.txt | 0
 1 file changed, 0 insertions(+), 0 deletions(-)
 create mode 100644 hello.txt
vinothsanjay707@penguin:~/githubb prac/1st-Project$ git push origin main
Total 0 (delta 0), reused 0 (delta 0), pack-reused 0
To https://github.com/SanjayKumarR7/My1st-Project.git
   a2a79ac..74ebf51  main -> main

// CREATE NEW BRANCH IN LOCAL 
vinothsanjay707@penguin:~/githubb prac/1st-Project$ git branch newbranch2
vinothsanjay707@penguin:~/githubb prac/1st-Project$ git branch -a
  gitbranch1
* main
  newbranch2



//CREATE NEW BRANCH FROM LOCAL AND UPLOAD TO GITHUB 

vinothsanjay707@penguin:~/githubb prac/1st-Project$ git checkout newbranch2
Switched to branch 'newbranch2'
vinothsanjay707@penguin:~/githubb prac/1st-Project$ git add .
vinothsanjay707@penguin:~/githubb prac/1st-Project$ git commit -m "added new branch to"
[newbranch2 3a7c658] added new branch to
 1 file changed, 0 insertions(+), 0 deletions(-)
 create mode 100644 newbranch2.txt
vinothsanjay707@penguin:~/githubb prac/1st-Project$ git push origin newbranch2
Enumerating objects: 3, done.
Counting objects: 100% (3/3), done.
Delta compression using up to 2 threads
Compressing objects: 100% (2/2), done.
Writing objects: 100% (2/2), 249 bytes | 249.00 KiB/s, done.
Total 2 (delta 1), reused 0 (delta 0), pack-reused 0
remote: Resolving deltas: 100% (1/1), completed with 1 local object.
remote: 
remote: Create a pull request for 'newbranch2' on GitHub by visiting:
remote:      https://github.com/SanjayKumarR7/My1st-Project/pull/new/newbranch2
remote: 
To https://github.com/SanjayKumarR7/My1st-Project.git
 * [new branch]      newbranch2 -> newbranch2

 //ANOTHER WAY TO MERGE THE BRANCH 

 



